// Jest Snapshot v1, https://goo.gl/fbAQLP

exports[`Render Vitae Component 1`] = `
<div>
  VITAE
</div>
`;
