// Jest Snapshot v1, https://goo.gl/fbAQLP

exports[`Render Contact Component 1`] = `
<div>
  CONTACT
</div>
`;
