// Jest Snapshot v1, https://goo.gl/fbAQLP

exports[`render PrimaryHeading with text 1`] = `
.c0 {
  font-size: 5rem;
  font-family: Poppins,sans-serif;
  font-weight: 100;
  color: #0BD29E;
}

<div
  className="c0"
>
  test heading
</div>
`;
