// Jest Snapshot v1, https://goo.gl/fbAQLP

exports[`Render Navigation 1`] = `
<section
  className="latest-news"
/>
`;
