// Jest Snapshot v1, https://goo.gl/fbAQLP

exports[`Render Blog Component 1`] = `
<div>
  BLOG CONTAINER
</div>
`;
