// Jest Snapshot v1, https://goo.gl/fbAQLP

exports[`render SecondaryHeading with text 1`] = `
.c0 {
  font-size: 3rem;
  font-weight: 200;
  -webkit-letter-spacing: 2rem;
  -moz-letter-spacing: 2rem;
  -ms-letter-spacing: 2rem;
  letter-spacing: 2rem;
  margin-right: -2rem;
  color: #80CED7;
}

<div
  className="c0"
>
  test heading
</div>
`;
