// Jest Snapshot v1, https://goo.gl/fbAQLP

exports[`Render Portfolio Component 1`] = `
<div>
  SHOWCASE CONTAINER
</div>
`;
