// Jest Snapshot v1, https://goo.gl/fbAQLP

exports[`Render Card Component 1`] = `
<div
  className="card"
>
  <h2>
    This is a card
  </h2>
</div>
`;
